
[1m[46m RUN [49m[22m [36mv4.0.18 [39m[90mC:/Users/arkom/HansMatrimonyOrg/openclawforaiastro[39m

 [32mΓ£ô[39m src/auto-reply/envelope.test.ts [2m([22m[2m12 tests[22m[2m)[22m[32m 49[2mms[22m[39m

[2m Test Files [22m [1m[32m1 passed[39m[22m[90m (1)[39m
[2m      Tests [22m [1m[32m12 passed[39m[22m[90m (12)[39m
[2m   Start at [22m 23:18:38
[2m   Duration [22m 4.94s[2m (transform 1.98s, setup 4.45s, import 56ms, tests 49ms, environment 0ms)[22m

